// Jest Snapshot v1, https://goo.gl/fbAQLP

exports[`test Dashboard page 1`] = `"dashboard"`;
