// Jest Snapshot v1, https://goo.gl/fbAQLP

exports[`test Userinfo page 1`] = `"userinfo"`;
